<html>
<body>
<pre>
<h1>µVision Build Log</h1>
<h2>Tool Versions:</h2>
IDE-Version: £gVision V5.37.0.0
Copyright (C) 2022 ARM Ltd and ARM Germany GmbH. All rights reserved.
License Information: YuYuan Liu, National Yang Ming Chiao Tung University, LIC=GE7ET-AWJXG-C5ZZV-7PZBJ-K0DQJ-A1N6C
 
Tool Versions:
Toolchain:       MDK-ARM Professional  Version: 5.37.0.0
Toolchain Path:  C:\Keil_v5\ARM\ARMCLANG\Bin
C Compiler:      ArmClang.exe V6.18
Assembler:       Armasm.exe V6.18
Linker/Locator:  ArmLink.exe V6.18
Library Manager: ArmAr.exe V6.18
Hex Converter:   FromElf.exe V6.18
CPU DLL:         SARMCM3.DLL V5.37.0.0
Dialog DLL:      DCM.DLL V1.17.5.0
Target DLL:      STLink\ST-LINKIII-KEIL_SWO.dll V3.0.9.0
Dialog DLL:      TCM.DLL V1.56.1.0
 
<h2>Project:</h2>
C:\Users\ggurt\Desktop\project\contest\submission1\submission\CubeMX_generated\tinyml_contest2022\MDK-ARM\tinyml_contest2022.uvprojx
Project File Date:  09/30/2022

<h2>Output:</h2>
*** Using Compiler 'V6.18', folder: 'C:\Keil_v5\ARM\ARMCLANG\Bin'
Rebuild target 'tinyml_contest2022'
compiling network_data_params.c...
compiling network_data.c...
assembling startup_stm32l432xx.s...
compiling gpio.c...
compiling crc.c...
compiling network.c...
compiling usart.c...
compiling stm32l4xx_it.c...
compiling tim.c...
compiling app_x-cube-ai.c...
../Src/main.c(125): warning: implicitly declaring library function 'printf' with type 'int (const char *, ...)' [-Wimplicit-function-declaration]
    printf("begin");
    ^
../Src/main.c(125): note: include the header <stdio.h> or explicitly provide a declaration for 'printf'
../Src/main.c(133): warning: implicitly declaring library function 'scanf' with type 'int (const char *restrict, ...)' [-Wimplicit-function-declaration]
          scanf("%f",&input_tmp);
          ^
../Src/main.c(133): note: include the header <stdio.h> or explicitly provide a declaration for 'scanf'
2 warnings generated.
compiling main.c...
compiling stm32l4xx_ll_exti.c...
compiling stm32l4xx_hal_msp.c...
compiling stm32l4xx_ll_utils.c...
compiling stm32l4xx_hal_crc_ex.c...
compiling stm32l4xx_hal_crc.c...
compiling stm32l4xx_hal_i2c_ex.c...
compiling stm32l4xx_hal.c...
compiling stm32l4xx_hal_flash.c...
compiling stm32l4xx_hal_flash_ramfunc.c...
compiling stm32l4xx_hal_rcc_ex.c...
compiling stm32l4xx_hal_rcc.c...
compiling stm32l4xx_hal_gpio.c...
compiling stm32l4xx_hal_flash_ex.c...
compiling stm32l4xx_hal_dma_ex.c...
compiling stm32l4xx_hal_pwr.c...
compiling stm32l4xx_hal_dma.c...
compiling stm32l4xx_hal_pwr_ex.c...
compiling stm32l4xx_hal_cortex.c...
compiling stm32l4xx_hal_tim.c...
compiling stm32l4xx_hal_tim_ex.c...
compiling stm32l4xx_hal_exti.c...
compiling stm32l4xx_ll_dma.c...
compiling stm32l4xx_ll_gpio.c...
compiling stm32l4xx_ll_tim.c...
compiling stm32l4xx_hal_uart_ex.c...
compiling system_stm32l4xx.c...
compiling stm32l4xx_hal_i2c.c...
compiling stm32l4xx_hal_uart.c...
linking...
Program Size: Code=26740 RO-data=7732 RW-data=3640 ZI-data=20656  
FromELF: creating hex file...
"tinyml_contest2022\tinyml_contest2022.axf" - 0 Error(s), 2 Warning(s).

<h2>Software Packages used:</h2>

Package Vendor: ARM
                http://www.keil.com/pack/ARM.CMSIS.5.9.0.pack
                ARM.CMSIS.5.9.0
                CMSIS (Common Microcontroller Software Interface Standard)
   * Component: CORE Version: 5.6.0

Package Vendor: Keil
                http://www.keil.com/pack/Keil.STM32L4xx_DFP.2.6.1.pack
                Keil.STM32L4xx_DFP.2.6.1
                STMicroelectronics STM32L4 Series Device Support, Drivers and Examples

<h2>Collection of Component include folders:</h2>
  ./RTE/_tinyml_contest2022
  C:/Users/ggurt/AppData/Local/Arm/Packs/ARM/CMSIS/5.9.0/CMSIS/Core/Include
  C:/Users/ggurt/AppData/Local/Arm/Packs/Keil/STM32L4xx_DFP/2.6.1/Drivers/CMSIS/Device/ST/STM32L4xx/Include

<h2>Collection of Component Files used:</h2>

   * Component: ARM::CMSIS:CORE:5.6.0
Build Time Elapsed:  00:00:07
</pre>
</body>
</html>
